2026-08-20 22:41:43.538 -04:00 [INF] Identity: roles verificados.
2026-08-20 22:41:43.644 -04:00 [INF] Identity: usuarios de arranque verificados.
2026-08-20 22:41:45.041 -04:00 [INF] HTTP GET / responded 302 in 80.3559 ms
2026-08-20 22:41:45.234 -04:00 [INF] HTTP GET /Login responded 200 in 168.1374 ms
2026-08-20 22:41:46.883 -04:00 [INF] Login exitoso: usuario 'admin@artemisbank.do', rol 'Administrador'.
2026-08-20 22:41:46.890 -04:00 [INF] HTTP POST /Login responded 302 in 274.4030 ms
2026-08-20 22:41:46.904 -04:00 [INF] HTTP GET / responded 302 in 5.5942 ms
2026-08-20 22:41:47.286 -04:00 [INF] HTTP GET /AdminHome responded 200 in 376.3069 ms
2026-08-20 22:41:48.725 -04:00 [INF] HTTP GET /Loan responded 200 in 348.7079 ms
2026-08-20 22:41:49.192 -04:00 [INF] HTTP GET /User responded 200 in 70.9111 ms
2026-08-20 22:41:49.760 -04:00 [INF] HTTP GET /CreditCard responded 200 in 67.7205 ms
2026-08-20 22:41:50.174 -04:00 [INF] HTTP GET /SavingsAccount responded 200 in 139.3871 ms
2026-08-20 22:41:50.695 -04:00 [INF] Logout ejecutado.
2026-08-20 22:41:50.697 -04:00 [INF] HTTP GET /Login/SignOutSession responded 302 in 11.0007 ms
2026-08-20 22:41:50.706 -04:00 [INF] HTTP GET /Login responded 200 in 3.0302 ms
2026-08-20 22:41:52.999 -04:00 [INF] Login exitoso: usuario 'Charsasd', rol 'Cliente'.
2026-08-20 22:41:53.001 -04:00 [INF] HTTP POST /Login responded 302 in 90.4309 ms
2026-08-20 22:41:53.008 -04:00 [INF] HTTP GET / responded 302 in 0.6409 ms
2026-08-20 22:41:53.103 -04:00 [INF] HTTP GET /ClientHome responded 200 in 89.1209 ms
2026-08-20 22:41:54.607 -04:00 [INF] HTTP GET /Beneficiary responded 200 in 115.8335 ms
2026-08-20 22:41:55.011 -04:00 [INF] HTTP GET /CashAdvance responded 200 in 32.9415 ms
2026-08-20 22:41:55.802 -04:00 [INF] Logout ejecutado.
2026-08-20 22:41:55.803 -04:00 [INF] HTTP GET /Login/SignOutSession responded 302 in 2.9632 ms
2026-08-20 22:41:55.811 -04:00 [INF] HTTP GET /Login responded 200 in 2.8498 ms
2026-08-20 22:41:57.753 -04:00 [INF] Login exitoso: usuario 'lajacada', rol 'Cliente'.
2026-08-20 22:41:57.755 -04:00 [INF] HTTP POST /Login responded 302 in 122.0018 ms
2026-08-20 22:41:57.762 -04:00 [INF] HTTP GET / responded 302 in 0.6631 ms
2026-08-20 22:41:57.796 -04:00 [INF] HTTP GET /ClientHome responded 200 in 27.4733 ms
2026-08-20 22:41:59.019 -04:00 [INF] Logout ejecutado.
2026-08-20 22:41:59.021 -04:00 [INF] HTTP GET /Login/SignOutSession responded 302 in 3.0524 ms
2026-08-20 22:41:59.030 -04:00 [INF] HTTP GET /Login responded 200 in 1.7211 ms
2026-08-20 22:42:02.223 -04:00 [INF] Login exitoso: usuario 'michstyle', rol 'Cliente'.
2026-08-20 22:42:02.225 -04:00 [INF] HTTP POST /Login responded 302 in 94.6358 ms
2026-08-20 22:42:02.232 -04:00 [INF] HTTP GET / responded 302 in 0.5708 ms
2026-08-20 22:42:02.356 -04:00 [INF] HTTP GET /ClientHome responded 200 in 118.4256 ms
2026-08-20 22:42:04.525 -04:00 [INF] Logout ejecutado.
2026-08-20 22:42:04.527 -04:00 [INF] HTTP GET /Login/SignOutSession responded 302 in 2.2954 ms
2026-08-20 22:42:04.534 -04:00 [INF] HTTP GET /Login responded 200 in 1.8608 ms
